============================= test session starts =============================
platform win32 -- Python 3.14.2, pytest-9.0.2, pluggy-1.6.0
rootdir: D:\certificate\backend
plugins: anyio-4.12.1
collected 2 items

tests\test_auth.py FF                                                    [100%]

================================== FAILURES ===================================
__________________________________ test_root __________________________________

    def test_root():
        response = client.get("/api/")
>       assert response.status_code == 200
E       assert 400 == 200
E        +  where 400 = <Response [400 Bad Request]>.status_code

tests\test_auth.py:10: AssertionError
_____________________________ test_login_invalid ______________________________

    def test_login_invalid():
        response = client.post("/api/auth/login", json={
            "email": "nonexistent@example.com",
            "password": "wrongpassword"
        })
        # Depending on whether rate limit kicks in or not, it should be 401
>       assert response.status_code == 401
E       assert 400 == 401
E        +  where 400 = <Response [400 Bad Request]>.status_code

tests\test_auth.py:19: AssertionError
============================== warnings summary ===============================
database.py:27
  D:\certificate\backend\database.py:27: MovedIn20Warning: The ``declarative_base()`` function is now available as sqlalchemy.orm.declarative_base(). (deprecated since: 2.0) (Background on SQLAlchemy 2.0 at: https://sqlalche.me/e/b8d9)
    Base = declarative_base()

server.py:1060
  D:\certificate\backend\server.py:1060: DeprecationWarning: 
          on_event is deprecated, use lifespan event handlers instead.
  
          Read more about it in the
          [FastAPI docs for Lifespan Events](https://fastapi.tiangolo.com/advanced/events/).
          
    @app.on_event("startup")

C:\Users\amani\AppData\Local\Python\pythoncore-3.14-64\Lib\site-packages\fastapi\applications.py:4576
  C:\Users\amani\AppData\Local\Python\pythoncore-3.14-64\Lib\site-packages\fastapi\applications.py:4576: DeprecationWarning: 
          on_event is deprecated, use lifespan event handlers instead.
  
          Read more about it in the
          [FastAPI docs for Lifespan Events](https://fastapi.tiangolo.com/advanced/events/).
          
    return self.router.on_event(event_type)

-- Docs: https://docs.pytest.org/en/stable/how-to/capture-warnings.html
=========================== short test summary info ===========================
FAILED tests/test_auth.py::test_root - assert 400 == 200
FAILED tests/test_auth.py::test_login_invalid - assert 400 == 401
======================== 2 failed, 3 warnings in 0.62s ========================
